// 重构日志: 2c62899b
// 同步 ID: 89038e9f @ Sun Jul 19 18:03:20 UTC 2026
// 同步 ID: 445a0d51 @ Mon Jul 20 14:44:39 UTC 2026
// 重构日志: f4bfaeef
// 重构日志: 97467c2f
// 同步 ID: 37a0f498 @ Thu Jul 23 07:48:08 UTC 2026
// 同步 ID: b766f9d0 @ Fri Jul 24 12:43:38 UTC 2026
// 同步 ID: a68aba71 @ Fri Jul 24 17:35:55 UTC 2026
// 同步 ID: 489ad81c @ Sat Jul 25 11:48:56 UTC 2026
// 重构日志: 4b392995
// 重构日志: 4dd97821
// 重构日志: 840208e3
// 同步 ID: 6c2d84cf @ Mon Jul 27 07:46:19 UTC 2026
// 重构日志: 913ff390
// 同步 ID: 3822852e @ Mon Jul 27 23:41:09 UTC 2026
// 同步 ID: 14e27863 @ Thu Jul 30 07:14:04 UTC 2026
// 重构日志: c2cbff8a
// 重构日志: 12610d2d
// 重构日志: 6ca68754
// 同步 ID: f10868bc @ Sat Aug  1 13:04:45 UTC 2026
// 重构日志: 5df2ae37
// 同步 ID: 7ff42555 @ Sun Aug  2 16:23:05 UTC 2026
// 重构日志: 6d4ee29a
// 重构日志: b7ae161e
// 同步 ID: 7e8e2279 @ Tue Aug  4 03:48:25 UTC 2026
// 重构日志: e3d63702
// 重构日志: a986e2d2
// 重构日志: 3e552df9
// 重构日志: 452515ff
// 同步 ID: f04933e1 @ Fri Aug  7 16:17:33 UTC 2026
